application-msword application-vnd.openxmlformats-officedocument.wordprocessingml.document gnome-mime-application-msword gnome-mime-application-vnd.openxmlformats-officedocument.wordprocessingml.document
application-pdf gnome-mime-application-pdf pdf
application-pgp-keys application-pkcs7-mime application-x-pem-key application-x-keepass
application-rss+xml application-atom+xml gnome-mime-application-atom+xml gnome-mime-application-rss+xml
application-vnd.ms-excel application-vnd.openxmlformats-officedocument.spreadsheetml.sheet gnome-mime-application-vnd.ms-excel gnome-mime-application-vnd.openxmlformats-officedocument.spreadsheetml.sheet
application-vnd.ms-powerpoint application-vnd.openxmlformats-officedocument.presentationml.presentation application-vnd.openxmlformats-officedocument.presentationml.slideshow gnome-mime-application-vnd.openxmlformats-officedocument.presentationml.presentation gnome-mime-application-vnd.openxmlformats-officedocument.presentationml.slideshow
application-vnd.oasis.opendocument.formula gnome-mime-application-vnd.oasis.opendocument.formula
application-x-bittorrent gnome-mime-application-x-bittorrent
application-x-cd-image 
application-x-cue 
application-x-executable binary exec gnome-fs-executable gnome-mime-application-x-executable
application-x-flash-video application-x-shockwave-flash gnome-mime-application-x-shockwave-flash 
application-x-glade gnome-mime-application-x-glade application-x-designer gnome-mime-application-x-designer
application-x-ms-dos-executable gnome-mime-application-x-ms-dos-executable gnome-exe-thumbnailer-generic-x
application-x-msdownload gnome-exe-thumbnailer-template gnome-exe-thumbnailer-generic 
application-x-php gnome-mime-application-x-php 
application-x-tar gnome-mime-application-x-tar application-x-archive folder_tar tar 
application-x-gzip gnome-mime-application-x-gzip application-x-compressed-tar gnome-mime-application-x-compressed-tar
application-x-jar application-x-java-archive gnome-mime-application-x-jar gnome-mime-application-x-java-archive
application-x-rar gnome-mime-application-x-rar 
application-x-zip application-zip gnome-mime-application-x-zip gnome-mime-application-zip zip
application-x-7zip application-7zip gnome-mime-application-x-7zip application-x-7z-compressed gnome-mime-application-x-7z-compressed 
application-x-archive application-x-compress gnome-mime-application-x-archive gnome-mime-application-x-compress application-x-lha application-x-lhz application-x-arc gnome-mime-application-x-arj gnome-mime-application-x-tarz gnome-mime-application-x-cpio gnome-mime-application-x-cpio-compressed gnome-mime-application-x-lha gnome-mime-application-x-lhz gnome-mime-application-x-stuffit gnome-mime-application-x-bzip gnome-mime-application-x-bzip-compressed gnome-mime-application-x-bzip-compressed-tar
application-x-ace gnome-mime-application-x-ace
application-x-theme application-x-desktop application-x-gnome-theme-package gnome-mime-application-x-desktop gnome-mime-application-x-gnome-app-info gnome-mime-application-x-gnome-theme-package gnome-mime-application-x-theme gnome-mime-application-x-desktop gnome-mime-text-x-gtkrc
application-x-ruby gnome-mime-application-x-ruby categories:applications-ruby
application-x-sln application-x-csproj 
ascii mime_ascii
audio-x-generic gnome-mime-audio media-audio sound
audio-x-mp3-playlist audio-x-mpegurl audio-x-scpls playlist source-playlist
audio-x-mpeg audio-mpeg
audio-x-ms-wma 
audio-x-vorbis+ogg application-ogg audio-x-flac+ogg audio-x-speex+ogg gnome-mime-application-ogg
audio-x-wav audio-x-adpcm 
authors gnome-mime-text-x-authors gnome-mime-text-x-credits text-x-authors text-x-credits
deb application-x-deb gnome-mime-application-x-deb
empty gnome-fs-regular gtk-file text-x-preview
encrypted application-pgp-encrypted
extension openofficeorg3-extension categories:applications-puzzles
font-x-generic font_bitmap font font_truetype font_type1 gnome-mime-application-x-font-afm gnome-mime-application-x-font-bdf gnome-mime-application-x-font-linux-psf gnome-mime-application-x-font-pcf gnome-mime-application-x-font-sunos-news gnome-mime-application-x-font-ttf gnome-mime-x-font-afm apps:preferences-desktop-font apps:fonts apps:gnome-settings-font
image-bmp gnome-mime-image-bmp gnome-mime-image-x-portable-bitmap image-x-portable-bitmap image-x-win-bitmap 
image-gif gnome-mime-image-gif 
image-jpeg gnome-mime-image-jpeg image-jpeg2000 jpeg jpg
image-png gnome-mime-image-png 
image-tiff gnome-mime-image-tiff 
image-x-eps application-illustrator
image-x-generic gnome-mime-application-x-killustrator gnome-mime-image gnome-mime-image-x-cmu-raster gnome-mime-image-x-xpixmap image image-x-tga media-image
image-x-psd gnome-mime-image-x-psd image-x-psdimage-x-psd gnome-mime-image-vnd.adobe.photoshop
image-x-ico image-x-icon image-vnd.microsoft.icon gnome-mime-image-vnd.microsoft.icon
image-x-xcf 
message message-rfc822 application-mbox emblems:emblem-mail
multipart-encrypted application-octet-stream application-x-ole-storage 
opera-extension 
opera-unite-application 
opera-widget 
package-x-generic gnome-package package application-x-pak emblems:emblem-package
phatch-actionlist 
rpm application-x-rpm gnome-mime-application-x-rpm
text-css gnome-mime-text-css text-x-css
text-html application-x-extension-html gnome-mime-text-html html text-htmlh text-mht www application-vnd.oasis.opendocument.text-web gnome-mime-application-vnd.oasis.opendocument.text-web gnome-mime-text-vnd.wap.wml
text-plain application-text gnome-mime-text gnome-mime-text-plain misc package_editors text-x-generic txt txt2
text-richtext application-rtf application-x-m4 document gnome-mime-application-postscript gnome-mime-application-rtf gnome-mime-application-x-gzpostscript text-enriched categories:applications-publishing
text-x-c gnome-mime-text-x-csrc gnome-mime-text-x-c text-x-csrc 
text-x-changelog gnome-mime-text-x-changelog 
text-x-chdr gnome-mime-text-x-chdr 
text-x-c++ gnome-mime-text-x-c++src gnome-mime-text-x-c++ text-x-c++src 
text-x-c++hdr gnome-mime-text-x-c++hdr 
text-x-copying gnome-mime-text-x-copying 
text-x-bak application-x-trash
text-x-bibtex 
text-x-install gnome-mime-x-install
text-x-java application-x-java application-x-class-file application-x-java gnome-mime-application-x-class-file gnome-mime-application-x-java gnome-mime-text-x-java-source gnome-mime-text-x-java text-x-java-source 
text-x-javascript application-javascript application-x-javascript gnome-mime-application-javascript gnome-mime-application-x-javascript gnome-mime-text-x-javascript 
text-x-generic-template template_source 
text-x-makefile gnome-mime-text-x-makefile playlist-automatic source-smart-playlist
text-x-python application-x-python-bytecode gnome-mime-application-x-python-bytecode gnome-mime-text-x-python categories:applications-python
text-x-readme gnome-mime-text-x-readme 
text-x-script application-x-shellscript gnome-mime-application-x-shellscript gnome-mime-text-x-csh gnome-mime-text-x-install gnome-mime-text-x-sh gnome-mime-text-x-zsh shellscript
text-x-sql application-vnd.oasis.opendocument.database application-x-sqlite2 application-x-sqlite3 openofficeorg3-database openofficeorg3-oasis-database application-vnd.ms-access 
text-x-source gnome-mime-application-xml gnome-mime-text-x-source gnome-mime-text-x-csharp gnome-mime-text-x-makefile stock_script
text-x-tex gnome-mime-application-x-tex 
text-xhtml+xml gnome-mime-application-xhtml+xml 
text-xml application-xml gnome-mime-application-xml
unknown none
x-dia-diagram 
x-office-address-book stock_addressbook
x-office-drawing application-illustrator application-vnd.oasis.opendocument.graphics application-vnd.sun.xml.draw gnome-mime-application-vnd.oasis.opendocument.graphics gnome-mime-application-vnd.oasis.opendocument.image gnome-mime-application-vnd.sun.xml.draw image-svg+xml image-x-svg+xml office-illustration openofficeorg3-drawing svg vnd.oasis.opendocument.drawing 
x-office-document application-vnd.oasis.opendocument.text application-vnd.sun.xml.writer application-vnd.wordperfect gnome-mime-application-vnd.oasis.opendocument.text gnome-mime-application-vnd.stardivision.writer gnome-mime-application-vnd.sun.xml.writer gnome-mime-application-wordperfect gnome-mime-application-x-abiword gnome-mime-application-x-applix-word gnome-mime-application-x-dvi gnome-mime-application-x-kword office-document package_wordprocessing wordprocessing emblems:emblem-documents
x-office-presentation gnome-mime-application-magicpoint gnome-mime-application-vnd.oasis.opendocument.presentation gnome-mime-application-vnd.stardivision.impress gnome-mime-application-vnd.sun.xml.impress gnome-mime-application-x-kpresenter kpresenter_kpr emblems:emblem-presentation
x-office-spreadsheet application-vnd.oasis.opendocument.spreadsheet application-vnd.sun.xml.calc application-x-gnumeric gnome-mime-application-vnd.lotus-1-2-3 gnome-mime-application-vnd.oasis.opendocument.spreadsheet gnome-mime-application-vnd.stardivision.calc gnome-mime-application-vnd.sun.xml.calc gnome-mime-application-x-applix-spreadsheet gnome-mime-application-x-gnumeric gnome-mime-application-x-kspread office-spreadsheet openofficeorg3-oasis-spreadsheet spreadsheet text-spreadsheet 


application-vnd.scribus application-x-scribus gnome-mime-application-x-scribus gnome-mime-application-vnd.scribus

vcalendar gnome-mime-text-x-vcalendar stock_calendar

video-x-generic application-vnd.rn-realmedia application-x-matroska gnome-mime-application-vnd.rn-realmedia-secure gnome-mime-application-vnd.rn-realmedia gnome-mime-application-vnd.rn-realmedia-vbr gnome-mime-video gnome-mime-video-x-ms-asf gnome-mime-video-x-ms-wmv media-video video emblems:emblem-videos

