bookmark-missing gnome-fs-bookmark-missing 
distributor-logo gnome-main-menu novell-button 
distributor-logo-archlinux archlinux-logo
distributor-logo-debian debian-logo
distributor-logo-fedora fedora-logo fedora-logo-icon
distributor-logo-frugalware frugalware-logo
distributor-logo-gentoo 
distributor-logo-linux-mint 
distributor-logo-mandriva mandriva-logo
distributor-logo-opensuse opensuse-logo
distributor-logo-slackware 
distributor-logo-ubuntu ubuntu-logo
folder-art 
folder-backup 
folder-development 
folder-documents 
folder-download folder_download folder-downloads 
folder-dropbox 
folder-gnome 
folder gnome-fs-directory stock_folder gtk-directory inode-directory
folder-locked 
folder-music 
folder-open folder-drag-accept folder_open gnome-fs-directory-accept gtk-directory stock_open
folder-pictures folder_pictures folder-images folder_images user-pictures user-images
folder-printers 
folder-publicshare
folder-recent 
folder-remote network gnome-fs-blockdev gnome-fs-network gnome-fs-share folder-remote-ftp gnome-fs-ftp folder-remote-ssh gnome-fs-ssh folder-remote-nfs gnome-fs-nfs devices:nfs devices:network_fs gnome-fs-dav folder-remote-smb gnome-fs-smb devices:samba gnome-mime-x-directory-smb-share user-share apps:shares
folder-saved-search application-x-gnome-saved-search
folder-system 
folder-tar 
folder-templates 
folder-torrent 
folder-ubuntu 
folder-videos 
folder-wine 
network-server gnome-fs-server gnome-mime-x-directory-nfs-server gnome-mime-x-directory-smb-server redhat-network-server server
network-workgroup gnome-mime-x-directory-smb-workgroup gtk-network network_local devices:gnome-dev-network apps:pyneighborhood_48x48 apps:preferences-system-network
user-bookmarks gnome-fs-bookmark 
user-desktop desktop gnome-fs-desktop emblems:emblem-desktop
user-home folder-home folder_home gnome-fs-home
user-trash emptytrash gnome-fs-trash-empty gnome-stock-trash trashcan_empty xfce-trash_empty
start-here 
start-here-archlinux 
start-here-debian 
start-here-fedora 
start-here-frugalware 
start-here-gentoo 
start-here-gnome 
start-here-linux-mint 
start-here-mandriva 
start-here-opensuse 
start-here-slackware 
start-here-ubuntu 

